[2026-03-18 15:19:22.968] [jointLog] [info] setting maxHashResizeThreads to 2
[2026-03-18 15:19:22.968] [jointLog] [info] Fragment incompatibility prior below threshold.  Incompatible fragments will be ignored.
[2026-03-18 15:19:22.968] [jointLog] [info] Usage of --validateMappings implies use of minScoreFraction. Since not explicitly specified, it is being set to 0.65
[2026-03-18 15:19:22.968] [jointLog] [info] Setting consensusSlack to selective-alignment default of 0.35.
[2026-03-18 15:19:22.968] [jointLog] [info] parsing read library format
[2026-03-18 15:19:22.968] [jointLog] [info] There is 1 library.
[2026-03-18 15:19:22.968] [jointLog] [info] Loading pufferfish index
[2026-03-18 15:19:22.968] [jointLog] [info] Loading dense pufferfish index.
[2026-03-18 15:19:23.004] [jointLog] [info] done
[2026-03-18 15:19:23.047] [jointLog] [info] Index contained 6577 targets
[2026-03-18 15:19:23.048] [jointLog] [info] Number of decoys : 17
[2026-03-18 15:19:23.048] [jointLog] [info] First decoy index : 6560 
[2026-03-18 15:19:23.245] [jointLog] [info] Computed 395 rich equivalence classes for further processing
[2026-03-18 15:19:23.245] [jointLog] [info] Counted 19068 total reads in the equivalence classes 
[2026-03-18 15:19:23.246] [jointLog] [warning] 0.0120074% of fragments were shorter than the k used to build the index.
If this fraction is too large, consider re-building the index with a smaller k.
The minimum read size found was 22.


[2026-03-18 15:19:23.246] [jointLog] [info] Number of mappings discarded because of alignment score : 2812
[2026-03-18 15:19:23.246] [jointLog] [info] Number of fragments entirely discarded because of alignment score : 2582
[2026-03-18 15:19:23.246] [jointLog] [info] Number of fragments discarded because they are best-mapped to decoys : 2529
[2026-03-18 15:19:23.246] [jointLog] [info] Number of fragments discarded because they have only dovetail (discordant) mappings to valid targets : 0
[2026-03-18 15:19:23.246] [jointLog] [warning] Only 19068 fragments were mapped, but the number of burn-in fragments was set to 5000000.
The effective lengths have been computed using the observed mappings.

[2026-03-18 15:19:23.246] [jointLog] [info] Mapping rate = 38.1597%

[2026-03-18 15:19:23.246] [jointLog] [info] finished quantifyLibrary()
[2026-03-18 15:19:23.246] [jointLog] [info] Starting optimizer
[2026-03-18 15:19:23.248] [jointLog] [info] Marked 0 weighted equivalence classes as degenerate
[2026-03-18 15:19:23.248] [jointLog] [info] iteration = 0 | max rel diff. = 9.59653
[2026-03-18 15:19:23.266] [jointLog] [info] iteration = 100 | max rel diff. = 6.5067e-11
[2026-03-18 15:19:23.266] [jointLog] [info] Finished optimizer
[2026-03-18 15:19:23.266] [jointLog] [info] writing output 

[2026-03-18 15:19:23.270] [jointLog] [info] Computing gene-level abundance estimates
[2026-03-18 15:19:23.245] [fileLog] [info] 
At end of round 0
==================
Observed 49969 total fragments (49969 in most recent round)

[2026-03-18 15:19:23.531] [jointLog] [info] There were 7127 transcripts mapping to 7127 genes
[2026-03-18 15:19:23.531] [jointLog] [info] NOTE: We recommend using tximport (https://bioconductor.org/packages/release/bioc/html/tximport.html) for aggregating transcript-level salmon abundance estimates to the gene level.  It is more versatile, exposes more features, and allows considering multi-sample information during aggregation.
[2026-03-18 15:19:23.537] [jointLog] [info] Aggregating expressions to gene level
[2026-03-18 15:19:23.544] [jointLog] [info] done
[2026-03-18 15:19:23.545] [jointLog] [warning] NOTE: Read Lib [[ RAP1_UNINDUCED_REP1_trimmed.fq.gz ]] :

Detected a *potential* strand bias > 1% in an unstranded protocol check the file: RAP1_UNINDUCED_REP1/lib_format_counts.json for details

